48 nodes, 6 workers
done in 526s; failures: 0
{
 "mode": "diracA0.0800",
 "deg": [
  5,
  10,
  15,
  20,
  26.565,
  30,
  40,
  45,
  50,
  60,
  63.435,
  70,
  80,
  90,
  100,
  110,
  116.565,
  120,
  130,
  135,
  140,
  150,
  153.435,
  160,
  170
 ],
 "s": [
  -0.02622763088183477,
  -0.014117963678058426,
  -0.009357554945014166,
  -0.0069108323392438175,
  -0.005064836217970342,
  -0.004410188024910584,
  -0.003117083527887694,
  -0.0026741212458379973,
  -0.002313630058051001,
  -0.0017600453054480618,
  -0.00160705989354107,
  -0.0013533054287906989,
  -0.001041738019282054,
  -0.0007965448759830656,
  -0.000600406668042976,
  -0.00044230126577147187,
  -0.0003555565440088301,
  -0.0003149128255311218,
  -0.00021323819250377085,
  -0.00017090988497531315,
  -0.0001337935722655007,
  -7.414313252846705e-05,
  -5.7900010171265236e-05,
  -3.261082165776641e-05,
  -8.102648241390721e-06
 ],
 "n1": 24,
 "n2": 24,
 "p_max": 15.0,
 "nt": 1,
 "t_max": 0.0,
 "sigma_from_H1": 0.0,
 "sigmap_from_H3": 0.0,
 "nodes": 48,
 "failures": 0
}
