48 nodes, 6 workers
done in 546s; failures: 0
{
 "mode": "diracA0.0400",
 "deg": [
  5,
  10,
  15,
  20,
  26.565,
  30,
  40,
  45,
  50,
  60,
  63.435,
  70,
  80,
  90,
  100,
  110,
  116.565,
  120,
  130,
  135,
  140,
  150,
  153.435,
  160,
  170
 ],
 "s": [
  -0.006572316064030512,
  -0.003539476862981511,
  -0.0023461545934601166,
  -0.0017327451795131701,
  -0.0012699384122991523,
  -0.001105812782345873,
  -0.0007816192385398931,
  -0.0006705626238132416,
  -0.0005801811363433148,
  -0.0004413833461542702,
  -0.0004030246591265134,
  -0.00033939793754177584,
  -0.00026127126459991006,
  -0.00019978431659213459,
  -0.0001505957773067756,
  -0.0001109429448126057,
  -8.918636488391625e-05,
  -7.899218630427217e-05,
  -5.3489571710814516e-05,
  -4.287219899564122e-05,
  -3.3561997449419324e-05,
  -1.8599017571060752e-05,
  -1.4524444114411366e-05,
  -8.180605663763992e-06,
  -2.0326073036732385e-06
 ],
 "n1": 24,
 "n2": 24,
 "p_max": 15.0,
 "nt": 1,
 "t_max": 0.0,
 "sigma_from_H1": 0.0,
 "sigmap_from_H3": 0.0,
 "nodes": 48,
 "failures": 0
}
