48 nodes, 6 workers
done in 500s; failures: 0
{
 "mode": "diracA0.0600",
 "deg": [
  5,
  10,
  15,
  20,
  26.565,
  30,
  40,
  45,
  50,
  60,
  63.435,
  70,
  80,
  90,
  100,
  110,
  116.565,
  120,
  130,
  135,
  140,
  150,
  153.435,
  160,
  170
 ],
 "s": [
  -0.014773284687020948,
  -0.007954468920460188,
  -0.005272509756162711,
  -0.0038939580079505954,
  -0.002853867837640674,
  -0.002485019441562376,
  -0.0017564433793132773,
  -0.0015068620557269206,
  -0.0013037460411253166,
  -0.0009918272200263654,
  -0.0009056254051116094,
  -0.0007626414931740522,
  -0.0005870764537542804,
  -0.0004489075573548517,
  -0.0003383775994344685,
  -0.0002492772163161199,
  -0.00020039086338833795,
  -0.0001774851101906737,
  -0.00012018288070514298,
  -9.632685877345869e-05,
  -7.540806315619759e-05,
  -4.178854767137894e-05,
  -3.263367934388175e-05,
  -1.8380224028408126e-05,
  -4.566859680891145e-06
 ],
 "n1": 24,
 "n2": 24,
 "p_max": 15.0,
 "nt": 1,
 "t_max": 0.0,
 "sigma_from_H1": 0.0,
 "sigmap_from_H3": 0.0,
 "nodes": 48,
 "failures": 0
}
