48 nodes, 1 workers
done in 5323s; failures: 0
{
 "mode": "dirac2",
 "deg": [
  5,
  10,
  15,
  20,
  26.565,
  30,
  40,
  45,
  50,
  60,
  63.435,
  70,
  80,
  90,
  100,
  110,
  116.565,
  120,
  130,
  135,
  140,
  150,
  153.435,
  160,
  170
 ],
 "s": [
  -0.40595489380056227,
  -0.21259523032818026,
  -0.14159721798335448,
  -0.10535059084112211,
  -0.07787178562810702,
  -0.06806650152942004,
  -0.04854354578863223,
  -0.04179117569904513,
  -0.03626464984625842,
  -0.02771491363770462,
  -0.02533764730461357,
  -0.02138061714999673,
  -0.0164992000633185,
  -0.01263297752726748,
  -0.009506192922835797,
  -0.006981280111617732,
  -0.005646207643590132,
  -0.005051723894924615,
  -0.0036640136019294163,
  -0.003067859774976216,
  -0.0024361462998727067,
  -0.0009294203065138845,
  -0.00043149990652857146,
  0.00018978535272961726,
  0.00020092037910550463
 ],
 "n1": 24,
 "n2": 24,
 "p_max": 15.0,
 "nt": 1,
 "t_max": 0.0,
 "sigma_from_H1": 0.0,
 "sigmap_from_H3": 0.0,
 "nodes": 48,
 "failures": 0
}
