48 nodes, 2 workers
done in 2776s; failures: 0
{
 "mode": "dirac2r",
 "deg": [
  5,
  10,
  15,
  20,
  26.565,
  30,
  40,
  45,
  50,
  60,
  63.435,
  70,
  80,
  90,
  100,
  110,
  116.565,
  120,
  130,
  135,
  140,
  150,
  153.435,
  160,
  170
 ],
 "s": [
  -0.26169380044170504,
  -0.07710588127047344,
  -0.014247587968347308,
  0.01413015133847598,
  0.031632394020020375,
  0.03638521290343683,
  0.04188900081687723,
  0.04202728581461503,
  0.041207254742637714,
  0.037868219535051754,
  0.03640830452375513,
  0.0333797901266333,
  0.02848806330052539,
  0.023600215480818133,
  0.018952376933939707,
  0.014682882700019169,
  0.012127030472617234,
  0.010875212886246481,
  0.007591087481420243,
  0.006161668622892437,
  0.004879820274360873,
  0.0027616541998319723,
  0.0021699039100451767,
  0.00123287570939372,
  0.00030800897172336944
 ],
 "n1": 24,
 "n2": 24,
 "p_max": 15.0,
 "nt": 1,
 "t_max": 0.0,
 "sigma_from_H1": 0.0,
 "sigmap_from_H3": 0.0,
 "nodes": 48,
 "failures": 0
}
