480 nodes, 9 workers
done in 8316s; failures: 0
{
 "mode": "eehp",
 "deg": [
  5,
  10,
  15,
  20,
  26.565,
  30,
  40,
  45,
  50,
  60,
  63.435,
  70,
  80,
  90,
  100,
  110,
  116.565,
  120,
  130,
  135,
  140,
  150,
  153.435,
  160,
  170
 ],
 "s": [
  5628334674.370783,
  482977646.41154736,
  50077494.803424895,
  4770628.723291617,
  198002.865725297,
  36622.60807779273,
  259.71432551062367,
  21.74922363779486,
  1.850160313466543,
  0.0392201587583266,
  0.026433272054091822,
  0.02032384975452492,
  0.01551907309639417,
  0.011831325742576107,
  0.008896971292457975,
  0.006541623352792134,
  0.005253182560527316,
  0.004650422475814648,
  0.003145142332821038,
  0.0025195604090871163,
  0.001971527536863449,
  0.0010917801779128577,
  0.000852434052503689,
  0.00047997262198352036,
  0.0001192226434306406
 ],
 "n1": 24,
 "n2": 24,
 "p_max": 15.0,
 "nt": 10,
 "t_max": 2.2,
 "sigma_from_H1": 0.0039055177923440756,
 "sigmap_from_H3": 0.0002726645735399913,
 "nodes": 480,
 "failures": 0
}
