672 nodes, 9 workers
done in 14067s; failures: 0
{
 "mode": "ee",
 "deg": [
  5,
  10,
  15,
  20,
  26.565,
  30,
  40,
  45,
  50,
  60,
  63.435,
  70,
  80,
  90,
  100,
  110,
  116.565,
  120,
  130,
  135,
  140,
  150,
  153.435,
  160,
  170
 ],
 "s": [
  -2844056657.3129168,
  -144185855.99442476,
  -8544709.197425956,
  -538002.6385824706,
  -15062.40838769086,
  -2362.1147443916648,
  -11.289044737887933,
  -0.76486885923231,
  -0.023120333233787017,
  0.026120196673343025,
  0.024044463395436637,
  0.02023390598804453,
  0.015521103272207662,
  0.011833414022977896,
  0.008898563493511516,
  0.006542805787298162,
  0.005254137574247432,
  0.004651270245913071,
  0.0031457197697821104,
  0.0025200243938229474,
  0.001971891577618044,
  0.0010919826612293985,
  0.0008525923376560649,
  0.0004800619152717625,
  0.0001192448644702449
 ],
 "n1": 24,
 "n2": 24,
 "p_max": 15.0,
 "nt": 14,
 "t_max": 3.2,
 "sigma_from_H1": 0.0039062461606395086,
 "sigmap_from_H3": 0.0002727007498052091,
 "nodes": 672,
 "failures": 0
}
