672 nodes, 4 workers
done in 13354s; failures: 16
{
 "mode": "dirac",
 "deg": [
  5,
  10,
  15,
  20,
  26.565,
  30,
  40,
  45,
  50,
  60,
  63.435,
  70,
  80,
  90,
  100,
  110,
  116.565,
  120,
  130,
  135,
  140,
  150,
  153.435,
  160,
  170
 ],
 "s": [
  0.7373584209858592,
  0.4060446770015964,
  0.2701097913509267,
  0.19967914318658106,
  0.14649201990793678,
  0.1276301743502182,
  0.09036802608405048,
  0.07759744782981978,
  0.06719899085499621,
  0.05121399449966587,
  0.04679116364870168,
  0.03944794555526009,
  0.030415995291418762,
  0.023292146303097745,
  0.017580657488567804,
  0.012966696968742624,
  0.010430955225283436,
  0.009241719740134286,
  0.006263369139236455,
  0.005021969126386929,
  0.003932678124798457,
  0.0021805415175813704,
  0.001703093928670924,
  0.0009594585695299893,
  0.00023844809547056406
 ],
 "n1": 24,
 "n2": 24,
 "p_max": 15.0,
 "nt": 14,
 "t_max": 3.2,
 "sigma_from_H1": 0.0,
 "sigmap_from_H3": 0.0,
 "nodes": 672,
 "failures": 16
}
